// Jest Snapshot v1, https://goo.gl/fbAQLP

exports[`Render ButtonPlay 1`] = `
<button
  className="btn btn--play movie-card__button"
  onClick={[Function]}
  type="button"
>
  <svg
    height="19"
    viewBox="0 0 19 19"
    width="19"
  >
    <use
      xlinkHref="#play-s"
    />
  </svg>
  <span>
    Play
  </span>
</button>
`;
