// Jest Snapshot v1, https://goo.gl/fbAQLP

exports[`Render Component 1`] = `
Array [
  <nav
    className="movie-nav movie-card__nav"
  >
    <ul
      className="movie-nav__list"
    >
      <li
        className="movie-nav__item movie-nav__item--active"
      >
        <a
          className="movie-nav__link"
          href="#"
          onClick={[Function]}
        >
          firstTab
        </a>
      </li>
      <li
        className="movie-nav__item"
      >
        <a
          className="movie-nav__link"
          href="#"
          onClick={[Function]}
        >
          secondTab
        </a>
      </li>
    </ul>
  </nav>,
  <div>
    firstTab
  </div>,
]
`;
