// Jest Snapshot v1, https://goo.gl/fbAQLP

exports[`Render VideoPlayer 1`] = `
<video
  controls={false}
  onMouseEnter={[Function]}
  onMouseLeave={[Function]}
  poster="img/the-grand-budapest-hotel-poster.jpg"
  style={
    Object {
      "objectFit": "cover",
      "width": "100%",
    }
  }
>
  <source />
</video>
`;
