// Jest Snapshot v1, https://goo.gl/fbAQLP

exports[`Render MockComponent with active tab 1`] = `
Array [
  <div
    onClick={[Function]}
  >
    1
  </div>,
  <div
    onClick={[Function]}
  >
    2
  </div>,
]
`;
