// Jest Snapshot v1, https://goo.gl/fbAQLP

exports[`Render GenresFilter 1`] = `
<ul
  className="catalog__genres-list"
>
  <li
    className="catalog__genres-item"
  >
    <a
      className="catalog__genres-link"
      href="#"
      onClick={[Function]}
    >
      All genres
    </a>
  </li>
  <li
    className="catalog__genres-item"
  >
    <a
      className="catalog__genres-link"
      href="#"
      onClick={[Function]}
    >
      action
    </a>
  </li>
  <li
    className="catalog__genres-item"
  >
    <a
      className="catalog__genres-link"
      href="#"
      onClick={[Function]}
    >
      comedy
    </a>
  </li>
  <li
    className="catalog__genres-item catalog__genres-item--active"
  >
    <a
      className="catalog__genres-link"
      href="#"
      onClick={[Function]}
    >
      drama
    </a>
  </li>
</ul>
`;
