// Jest Snapshot v1, https://goo.gl/fbAQLP

exports[`Render SmallMovieCard 1`] = `
<article
  className="small-movie-card catalog__movies-card"
  onClick={[Function]}
>
  <video
    className="small-movie-card__image"
    controls={false}
    onMouseEnter={[Function]}
    onMouseLeave={[Function]}
    poster="/img/fantastic-beasts-the-crimes-of-grindelwald.jpg"
    style={
      Object {
        "objectFit": "cover",
        "width": "100%",
      }
    }
  >
    <source />
  </video>
  <h3
    className="small-movie-card__title"
  >
    <a
      className="small-movie-card__link"
      href="movie-page.html"
    >
      Fantastic Beasts
    </a>
  </h3>
</article>
`;
